

==================================================================================
=== CALIBRE::ERC-H SUMMARY REPORT
===
Execution Date/Time:          Tue Dec  8 22:23:02 2020
Calibre Version:              v2018.2_24.18    Fri Jun 1 14:24:04 PDT 2018
Rule File Pathname:           /raidj/user/t28/t28u25/etron/ADC_SAR4BIT/runLPE/LVS/_LVS.rule_
Rule File Title:              
Layout System:                GDSII
Layout Path(s):               ARRAY_CMP.calibre.db
Layout Primary Cell:          ARRAY_CMP
Current Directory:            /raidj/user/t28/t28u25/etron/ADC_SAR4BIT/runLPE/LVS
User Name:                    t28u25
Maximum Results/ERC Check:    1000
Maximum ERC Result Vertices:  4096
ERC Results Database:         ARRAY_CMP.erc.results (ASCII)
Layout Depth:                 ALL
Text Depth:                   PRIMARY
Summary Report File:          ARRAY_CMP.erc.summary (REPLACE)
Geometry Flagging:            ACUTE = NO  SKEW = YES  ANGLED = NO  OFFGRID = YES
                              NONSIMPLE POLYGON = NO  NONSIMPLE PATH = NO
Excluded Cells:              
CheckText Mapping:            COMMENT TEXT + RULE FILE INFORMATION
Layers:                       MEMORY-BASED
Keep Empty Checks:            YES
----------------------------------------------------------------------------------
--- RUNTIME WARNINGS
---
Layer 31 contains unmapped objects and is the source layer of LAYER MAP == 31 DATATYPE == 180.
Layer 31 contains unmapped objects and is the source layer of LAYER MAP == 31 DATATYPE == 190.
Layer 31 contains unmapped objects and is the source layer of LAYER MAP == 31 DATATYPE == 191.
Layer 31 contains unmapped objects and is the source layer of LAYER MAP == 31 DATATYPE == 200.
Layer 31 contains unmapped objects and is the source layer of LAYER MAP == 31 DATATYPE == 201.
Layer 31 contains unmapped objects and is the source layer of LAYER MAP == 31 DATATYPE == 202.
Layer 31 contains unmapped objects and is the source layer of LAYER MAP == 31 DATATYPE == 203.
Layer 31 contains unmapped objects and is the source layer of LAYER MAP == 31 DATATYPE == 204.
Layer 31 contains unmapped objects and is the source layer of LAYER MAP == 31 DATATYPE == 205.
Layer 31 contains unmapped objects and is the source layer of LAYER MAP == 31 DATATYPE == 206.
Layer 31 contains unmapped objects and is the source layer of LAYER MAP == 31 DATATYPE == 207.
Layer 31 contains unmapped objects and is the source layer of LAYER MAP == 31 DATATYPE == 208.
Layer 31 contains unmapped objects and is the source layer of LAYER MAP == 31 DATATYPE == 209.
Layer 31 contains unmapped objects and is the source layer of LAYER MAP == 31 DATATYPE == 210.
Layer 31 contains unmapped objects and is the source layer of LAYER MAP == 31 DATATYPE == 211.
Layer 31 contains unmapped objects and is the source layer of LAYER MAP == 31 DATATYPE == 212.
Layer 31 contains unmapped objects and is the source layer of LAYER MAP == 31 DATATYPE == 213.
Layer 31 contains unmapped objects and is the source layer of LAYER MAP == 31 DATATYPE == 214.
Layer 31 contains unmapped objects and is the source layer of LAYER MAP == 31 DATATYPE == 215.
Layer 31 contains unmapped objects and is the source layer of LAYER MAP == 31 DATATYPE == 216.
Layer 31 contains unmapped objects and is the source layer of LAYER MAP == 31 DATATYPE == 217.
Layer 31 contains unmapped objects and is the source layer of LAYER MAP == 31 DATATYPE == 218.
Layer 31 contains unmapped objects and is the source layer of LAYER MAP == 31 DATATYPE == 219.
Layer 31 contains unmapped objects and is the source layer of LAYER MAP == 31 DATATYPE == 220.
Layer 31 contains unmapped objects and is the source layer of LAYER MAP == 31 DATATYPE == 221.
Layer 31 contains unmapped objects and is the source layer of LAYER MAP == 31 DATATYPE == 222.
Layer 31 contains unmapped objects and is the source layer of LAYER MAP == 31 DATATYPE == 223.
Layer 31 contains unmapped objects and is the source layer of LAYER MAP == 31 DATATYPE == 224.
Layer 31 contains unmapped objects and is the source layer of LAYER MAP == 31 DATATYPE == 225.
Layer 31 contains unmapped objects and is the source layer of LAYER MAP == 31 DATATYPE == 229.
Layer 31 contains unmapped objects and is the source layer of LAYER MAP == 31 DATATYPE == 230.
Layer 31 contains unmapped objects and is the source layer of LAYER MAP == 31 DATATYPE == 231.
Layer 31 contains unmapped objects and is the source layer of LAYER MAP == 31 DATATYPE == 1.
Layer 31 contains unmapped objects and is the source layer of LAYER MAP == 31 DATATYPE == 7.
Layer 31 contains unmapped objects and is the source layer of LAYER MAP == 31 DATATYPE == 100.
Layer 31 contains unmapped objects and is the source layer of LAYER MAP == 31 DATATYPE == 101.
Layer 32 contains unmapped objects and is the source layer of LAYER MAP == 32 DATATYPE == 180.
Layer 32 contains unmapped objects and is the source layer of LAYER MAP == 32 DATATYPE == 190.
Layer 32 contains unmapped objects and is the source layer of LAYER MAP == 32 DATATYPE == 191.
Layer 32 contains unmapped objects and is the source layer of LAYER MAP == 32 DATATYPE == 200.
Layer 32 contains unmapped objects and is the source layer of LAYER MAP == 32 DATATYPE == 201.
Layer 32 contains unmapped objects and is the source layer of LAYER MAP == 32 DATATYPE == 202.
Layer 32 contains unmapped objects and is the source layer of LAYER MAP == 32 DATATYPE == 203.
Layer 32 contains unmapped objects and is the source layer of LAYER MAP == 32 DATATYPE == 204.
Layer 32 contains unmapped objects and is the source layer of LAYER MAP == 32 DATATYPE == 205.
Layer 32 contains unmapped objects and is the source layer of LAYER MAP == 32 DATATYPE == 206.
Layer 32 contains unmapped objects and is the source layer of LAYER MAP == 32 DATATYPE == 207.
Layer 32 contains unmapped objects and is the source layer of LAYER MAP == 32 DATATYPE == 208.
Layer 32 contains unmapped objects and is the source layer of LAYER MAP == 32 DATATYPE == 209.
Layer 32 contains unmapped objects and is the source layer of LAYER MAP == 32 DATATYPE == 210.
Layer 32 contains unmapped objects and is the source layer of LAYER MAP == 32 DATATYPE == 211.
Layer 32 contains unmapped objects and is the source layer of LAYER MAP == 32 DATATYPE == 212.
Layer 32 contains unmapped objects and is the source layer of LAYER MAP == 32 DATATYPE == 213.
Layer 32 contains unmapped objects and is the source layer of LAYER MAP == 32 DATATYPE == 214.
Layer 32 contains unmapped objects and is the source layer of LAYER MAP == 32 DATATYPE == 215.
Layer 32 contains unmapped objects and is the source layer of LAYER MAP == 32 DATATYPE == 216.
Layer 32 contains unmapped objects and is the source layer of LAYER MAP == 32 DATATYPE == 217.
Layer 32 contains unmapped objects and is the source layer of LAYER MAP == 32 DATATYPE == 218.
Layer 32 contains unmapped objects and is the source layer of LAYER MAP == 32 DATATYPE == 219.
Layer 32 contains unmapped objects and is the source layer of LAYER MAP == 32 DATATYPE == 220.
Layer 32 contains unmapped objects and is the source layer of LAYER MAP == 32 DATATYPE == 221.
Layer 32 contains unmapped objects and is the source layer of LAYER MAP == 32 DATATYPE == 222.
Layer 32 contains unmapped objects and is the source layer of LAYER MAP == 32 DATATYPE == 223.
Layer 32 contains unmapped objects and is the source layer of LAYER MAP == 32 DATATYPE == 224.
Layer 32 contains unmapped objects and is the source layer of LAYER MAP == 32 DATATYPE == 225.
Layer 32 contains unmapped objects and is the source layer of LAYER MAP == 32 DATATYPE == 229.
Layer 32 contains unmapped objects and is the source layer of LAYER MAP == 32 DATATYPE == 230.
Layer 32 contains unmapped objects and is the source layer of LAYER MAP == 32 DATATYPE == 231.
Layer 32 contains unmapped objects and is the source layer of LAYER MAP == 32 DATATYPE == 1.
Layer 32 contains unmapped objects and is the source layer of LAYER MAP == 32 DATATYPE == 11.
Layer 32 contains unmapped objects and is the source layer of LAYER MAP == 32 DATATYPE == 21.
Layer 32 contains unmapped objects and is the source layer of LAYER MAP == 32 DATATYPE == 27.
Layer 32 contains unmapped objects and is the source layer of LAYER MAP == 32 DATATYPE == 31.
Layer 32 contains unmapped objects and is the source layer of LAYER MAP == 32 DATATYPE == 41.
Layer 32 contains unmapped objects and is the source layer of LAYER MAP == 32 DATATYPE == 61.
Layer 32 contains unmapped objects and is the source layer of LAYER MAP == 32 DATATYPE == 7.
Layer 32 contains unmapped objects and is the source layer of LAYER MAP == 32 DATATYPE == 81.
Layer 33 contains unmapped objects and is the source layer of LAYER MAP == 33 DATATYPE == 180.
Layer 33 contains unmapped objects and is the source layer of LAYER MAP == 33 DATATYPE == 190.
Layer 33 contains unmapped objects and is the source layer of LAYER MAP == 33 DATATYPE == 191.
Layer 33 contains unmapped objects and is the source layer of LAYER MAP == 33 DATATYPE == 200.
Layer 33 contains unmapped objects and is the source layer of LAYER MAP == 33 DATATYPE == 201.
Layer 33 contains unmapped objects and is the source layer of LAYER MAP == 33 DATATYPE == 202.
Layer 33 contains unmapped objects and is the source layer of LAYER MAP == 33 DATATYPE == 203.
Layer 33 contains unmapped objects and is the source layer of LAYER MAP == 33 DATATYPE == 204.
Layer 33 contains unmapped objects and is the source layer of LAYER MAP == 33 DATATYPE == 205.
Layer 33 contains unmapped objects and is the source layer of LAYER MAP == 33 DATATYPE == 206.
Layer 33 contains unmapped objects and is the source layer of LAYER MAP == 33 DATATYPE == 207.
Layer 33 contains unmapped objects and is the source layer of LAYER MAP == 33 DATATYPE == 208.
Layer 33 contains unmapped objects and is the source layer of LAYER MAP == 33 DATATYPE == 209.
Layer 33 contains unmapped objects and is the source layer of LAYER MAP == 33 DATATYPE == 210.
Layer 33 contains unmapped objects and is the source layer of LAYER MAP == 33 DATATYPE == 211.
Layer 33 contains unmapped objects and is the source layer of LAYER MAP == 33 DATATYPE == 212.
Layer 33 contains unmapped objects and is the source layer of LAYER MAP == 33 DATATYPE == 213.
Layer 33 contains unmapped objects and is the source layer of LAYER MAP == 33 DATATYPE == 214.
Layer 33 contains unmapped objects and is the source layer of LAYER MAP == 33 DATATYPE == 215.
Layer 33 contains unmapped objects and is the source layer of LAYER MAP == 33 DATATYPE == 216.
Layer 33 contains unmapped objects and is the source layer of LAYER MAP == 33 DATATYPE == 217.
Layer 33 contains unmapped objects and is the source layer of LAYER MAP == 33 DATATYPE == 218.
Layer 33 contains unmapped objects and is the source layer of LAYER MAP == 33 DATATYPE == 219.
Layer 33 contains unmapped objects and is the source layer of LAYER MAP == 33 DATATYPE == 220.
Layer 33 contains unmapped objects and is the source layer of LAYER MAP == 33 DATATYPE == 221.
Layer 33 contains unmapped objects and is the source layer of LAYER MAP == 33 DATATYPE == 222.
Layer 33 contains unmapped objects and is the source layer of LAYER MAP == 33 DATATYPE == 223.
Layer 33 contains unmapped objects and is the source layer of LAYER MAP == 33 DATATYPE == 224.
Layer 33 contains unmapped objects and is the source layer of LAYER MAP == 33 DATATYPE == 225.
Layer 33 contains unmapped objects and is the source layer of LAYER MAP == 33 DATATYPE == 229.
Layer 33 contains unmapped objects and is the source layer of LAYER MAP == 33 DATATYPE == 230.
Layer 33 contains unmapped objects and is the source layer of LAYER MAP == 33 DATATYPE == 231.
Layer 33 contains unmapped objects and is the source layer of LAYER MAP == 33 DATATYPE == 1.
Layer 33 contains unmapped objects and is the source layer of LAYER MAP == 33 DATATYPE == 11.
Layer 33 contains unmapped objects and is the source layer of LAYER MAP == 33 DATATYPE == 21.
Layer 33 contains unmapped objects and is the source layer of LAYER MAP == 33 DATATYPE == 27.
Layer 33 contains unmapped objects and is the source layer of LAYER MAP == 33 DATATYPE == 31.
Layer 33 contains unmapped objects and is the source layer of LAYER MAP == 33 DATATYPE == 41.
Layer 33 contains unmapped objects and is the source layer of LAYER MAP == 33 DATATYPE == 61.
Layer 33 contains unmapped objects and is the source layer of LAYER MAP == 33 DATATYPE == 7.
Layer 33 contains unmapped objects and is the source layer of LAYER MAP == 33 DATATYPE == 81.
Layer 34 contains unmapped objects and is the source layer of LAYER MAP == 34 DATATYPE == 180.
Layer 34 contains unmapped objects and is the source layer of LAYER MAP == 34 DATATYPE == 190.
Layer 34 contains unmapped objects and is the source layer of LAYER MAP == 34 DATATYPE == 191.
Layer 34 contains unmapped objects and is the source layer of LAYER MAP == 34 DATATYPE == 200.
Layer 34 contains unmapped objects and is the source layer of LAYER MAP == 34 DATATYPE == 201.
Layer 34 contains unmapped objects and is the source layer of LAYER MAP == 34 DATATYPE == 202.
Layer 34 contains unmapped objects and is the source layer of LAYER MAP == 34 DATATYPE == 203.
Layer 34 contains unmapped objects and is the source layer of LAYER MAP == 34 DATATYPE == 204.
Layer 34 contains unmapped objects and is the source layer of LAYER MAP == 34 DATATYPE == 205.
Layer 34 contains unmapped objects and is the source layer of LAYER MAP == 34 DATATYPE == 206.
Layer 34 contains unmapped objects and is the source layer of LAYER MAP == 34 DATATYPE == 207.
Layer 34 contains unmapped objects and is the source layer of LAYER MAP == 34 DATATYPE == 208.
Layer 34 contains unmapped objects and is the source layer of LAYER MAP == 34 DATATYPE == 209.
Layer 34 contains unmapped objects and is the source layer of LAYER MAP == 34 DATATYPE == 210.
Layer 34 contains unmapped objects and is the source layer of LAYER MAP == 34 DATATYPE == 211.
Layer 34 contains unmapped objects and is the source layer of LAYER MAP == 34 DATATYPE == 212.
Layer 34 contains unmapped objects and is the source layer of LAYER MAP == 34 DATATYPE == 213.
Layer 34 contains unmapped objects and is the source layer of LAYER MAP == 34 DATATYPE == 214.
Layer 34 contains unmapped objects and is the source layer of LAYER MAP == 34 DATATYPE == 215.
Layer 34 contains unmapped objects and is the source layer of LAYER MAP == 34 DATATYPE == 216.
Layer 34 contains unmapped objects and is the source layer of LAYER MAP == 34 DATATYPE == 217.
Layer 34 contains unmapped objects and is the source layer of LAYER MAP == 34 DATATYPE == 218.
Layer 34 contains unmapped objects and is the source layer of LAYER MAP == 34 DATATYPE == 219.
Layer 34 contains unmapped objects and is the source layer of LAYER MAP == 34 DATATYPE == 220.
Layer 34 contains unmapped objects and is the source layer of LAYER MAP == 34 DATATYPE == 221.
Layer 34 contains unmapped objects and is the source layer of LAYER MAP == 34 DATATYPE == 222.
Layer 34 contains unmapped objects and is the source layer of LAYER MAP == 34 DATATYPE == 223.
Layer 34 contains unmapped objects and is the source layer of LAYER MAP == 34 DATATYPE == 224.
Layer 34 contains unmapped objects and is the source layer of LAYER MAP == 34 DATATYPE == 225.
Layer 34 contains unmapped objects and is the source layer of LAYER MAP == 34 DATATYPE == 229.
Layer 34 contains unmapped objects and is the source layer of LAYER MAP == 34 DATATYPE == 230.
Layer 34 contains unmapped objects and is the source layer of LAYER MAP == 34 DATATYPE == 231.
Layer 34 contains unmapped objects and is the source layer of LAYER MAP == 34 DATATYPE == 1.
Layer 34 contains unmapped objects and is the source layer of LAYER MAP == 34 DATATYPE == 11.
Layer 34 contains unmapped objects and is the source layer of LAYER MAP == 34 DATATYPE == 21.
Layer 34 contains unmapped objects and is the source layer of LAYER MAP == 34 DATATYPE == 27.
Layer 34 contains unmapped objects and is the source layer of LAYER MAP == 34 DATATYPE == 31.
Layer 34 contains unmapped objects and is the source layer of LAYER MAP == 34 DATATYPE == 41.
Layer 34 contains unmapped objects and is the source layer of LAYER MAP == 34 DATATYPE == 61.
Layer 34 contains unmapped objects and is the source layer of LAYER MAP == 34 DATATYPE == 7.
Layer 34 contains unmapped objects and is the source layer of LAYER MAP == 34 DATATYPE == 81.
Layer 35 contains unmapped objects and is the source layer of LAYER MAP == 35 DATATYPE == 180.
Layer 35 contains unmapped objects and is the source layer of LAYER MAP == 35 DATATYPE == 190.
Layer 35 contains unmapped objects and is the source layer of LAYER MAP == 35 DATATYPE == 191.
Layer 35 contains unmapped objects and is the source layer of LAYER MAP == 35 DATATYPE == 200.
Layer 35 contains unmapped objects and is the source layer of LAYER MAP == 35 DATATYPE == 201.
Layer 35 contains unmapped objects and is the source layer of LAYER MAP == 35 DATATYPE == 202.
Layer 35 contains unmapped objects and is the source layer of LAYER MAP == 35 DATATYPE == 203.
Layer 35 contains unmapped objects and is the source layer of LAYER MAP == 35 DATATYPE == 204.
Layer 35 contains unmapped objects and is the source layer of LAYER MAP == 35 DATATYPE == 205.
Layer 35 contains unmapped objects and is the source layer of LAYER MAP == 35 DATATYPE == 206.
Layer 35 contains unmapped objects and is the source layer of LAYER MAP == 35 DATATYPE == 207.
Layer 35 contains unmapped objects and is the source layer of LAYER MAP == 35 DATATYPE == 208.
Layer 35 contains unmapped objects and is the source layer of LAYER MAP == 35 DATATYPE == 209.
Layer 35 contains unmapped objects and is the source layer of LAYER MAP == 35 DATATYPE == 210.
Layer 35 contains unmapped objects and is the source layer of LAYER MAP == 35 DATATYPE == 211.
Layer 35 contains unmapped objects and is the source layer of LAYER MAP == 35 DATATYPE == 212.
Layer 35 contains unmapped objects and is the source layer of LAYER MAP == 35 DATATYPE == 213.
Layer 35 contains unmapped objects and is the source layer of LAYER MAP == 35 DATATYPE == 214.
Layer 35 contains unmapped objects and is the source layer of LAYER MAP == 35 DATATYPE == 215.
Layer 35 contains unmapped objects and is the source layer of LAYER MAP == 35 DATATYPE == 216.
Layer 35 contains unmapped objects and is the source layer of LAYER MAP == 35 DATATYPE == 217.
Layer 35 contains unmapped objects and is the source layer of LAYER MAP == 35 DATATYPE == 218.
Layer 35 contains unmapped objects and is the source layer of LAYER MAP == 35 DATATYPE == 219.
Layer 35 contains unmapped objects and is the source layer of LAYER MAP == 35 DATATYPE == 220.
Layer 35 contains unmapped objects and is the source layer of LAYER MAP == 35 DATATYPE == 221.
Layer 35 contains unmapped objects and is the source layer of LAYER MAP == 35 DATATYPE == 222.
Layer 35 contains unmapped objects and is the source layer of LAYER MAP == 35 DATATYPE == 223.
Layer 35 contains unmapped objects and is the source layer of LAYER MAP == 35 DATATYPE == 224.
Layer 35 contains unmapped objects and is the source layer of LAYER MAP == 35 DATATYPE == 225.
Layer 35 contains unmapped objects and is the source layer of LAYER MAP == 35 DATATYPE == 229.
Layer 35 contains unmapped objects and is the source layer of LAYER MAP == 35 DATATYPE == 230.
Layer 35 contains unmapped objects and is the source layer of LAYER MAP == 35 DATATYPE == 231.
Layer 35 contains unmapped objects and is the source layer of LAYER MAP == 35 DATATYPE == 1.
Layer 35 contains unmapped objects and is the source layer of LAYER MAP == 35 DATATYPE == 11.
Layer 35 contains unmapped objects and is the source layer of LAYER MAP == 35 DATATYPE == 21.
Layer 35 contains unmapped objects and is the source layer of LAYER MAP == 35 DATATYPE == 27.
Layer 35 contains unmapped objects and is the source layer of LAYER MAP == 35 DATATYPE == 31.
Layer 35 contains unmapped objects and is the source layer of LAYER MAP == 35 DATATYPE == 41.
Layer 35 contains unmapped objects and is the source layer of LAYER MAP == 35 DATATYPE == 61.
Layer 35 contains unmapped objects and is the source layer of LAYER MAP == 35 DATATYPE == 7.
Layer 35 contains unmapped objects and is the source layer of LAYER MAP == 35 DATATYPE == 81.
Layer 36 contains unmapped objects and is the source layer of LAYER MAP == 36 DATATYPE == 180.
Layer 36 contains unmapped objects and is the source layer of LAYER MAP == 36 DATATYPE == 190.
Layer 36 contains unmapped objects and is the source layer of LAYER MAP == 36 DATATYPE == 191.
Layer 36 contains unmapped objects and is the source layer of LAYER MAP == 36 DATATYPE == 200.
Layer 36 contains unmapped objects and is the source layer of LAYER MAP == 36 DATATYPE == 201.
Layer 36 contains unmapped objects and is the source layer of LAYER MAP == 36 DATATYPE == 202.
Layer 36 contains unmapped objects and is the source layer of LAYER MAP == 36 DATATYPE == 203.
Layer 36 contains unmapped objects and is the source layer of LAYER MAP == 36 DATATYPE == 204.
Layer 36 contains unmapped objects and is the source layer of LAYER MAP == 36 DATATYPE == 205.
Layer 36 contains unmapped objects and is the source layer of LAYER MAP == 36 DATATYPE == 206.
Layer 36 contains unmapped objects and is the source layer of LAYER MAP == 36 DATATYPE == 207.
Layer 36 contains unmapped objects and is the source layer of LAYER MAP == 36 DATATYPE == 208.
Layer 36 contains unmapped objects and is the source layer of LAYER MAP == 36 DATATYPE == 209.
Layer 36 contains unmapped objects and is the source layer of LAYER MAP == 36 DATATYPE == 210.
Layer 36 contains unmapped objects and is the source layer of LAYER MAP == 36 DATATYPE == 211.
Layer 36 contains unmapped objects and is the source layer of LAYER MAP == 36 DATATYPE == 212.
Layer 36 contains unmapped objects and is the source layer of LAYER MAP == 36 DATATYPE == 213.
Layer 36 contains unmapped objects and is the source layer of LAYER MAP == 36 DATATYPE == 214.
Layer 36 contains unmapped objects and is the source layer of LAYER MAP == 36 DATATYPE == 215.
Layer 36 contains unmapped objects and is the source layer of LAYER MAP == 36 DATATYPE == 216.
Layer 36 contains unmapped objects and is the source layer of LAYER MAP == 36 DATATYPE == 217.
Layer 36 contains unmapped objects and is the source layer of LAYER MAP == 36 DATATYPE == 218.
Layer 36 contains unmapped objects and is the source layer of LAYER MAP == 36 DATATYPE == 219.
Layer 36 contains unmapped objects and is the source layer of LAYER MAP == 36 DATATYPE == 220.
Layer 36 contains unmapped objects and is the source layer of LAYER MAP == 36 DATATYPE == 221.
Layer 36 contains unmapped objects and is the source layer of LAYER MAP == 36 DATATYPE == 222.
Layer 36 contains unmapped objects and is the source layer of LAYER MAP == 36 DATATYPE == 223.
Layer 36 contains unmapped objects and is the source layer of LAYER MAP == 36 DATATYPE == 224.
Layer 36 contains unmapped objects and is the source layer of LAYER MAP == 36 DATATYPE == 225.
Layer 36 contains unmapped objects and is the source layer of LAYER MAP == 36 DATATYPE == 229.
Layer 36 contains unmapped objects and is the source layer of LAYER MAP == 36 DATATYPE == 230.
Layer 36 contains unmapped objects and is the source layer of LAYER MAP == 36 DATATYPE == 231.
Layer 36 contains unmapped objects and is the source layer of LAYER MAP == 36 DATATYPE == 1.
Layer 36 contains unmapped objects and is the source layer of LAYER MAP == 36 DATATYPE == 11.
Layer 36 contains unmapped objects and is the source layer of LAYER MAP == 36 DATATYPE == 21.
Layer 36 contains unmapped objects and is the source layer of LAYER MAP == 36 DATATYPE == 27.
Layer 36 contains unmapped objects and is the source layer of LAYER MAP == 36 DATATYPE == 31.
Layer 36 contains unmapped objects and is the source layer of LAYER MAP == 36 DATATYPE == 41.
Layer 36 contains unmapped objects and is the source layer of LAYER MAP == 36 DATATYPE == 61.
Layer 36 contains unmapped objects and is the source layer of LAYER MAP == 36 DATATYPE == 7.
Layer 36 contains unmapped objects and is the source layer of LAYER MAP == 36 DATATYPE == 81.
Layer 51 contains unmapped objects and is the source layer of LAYER MAP == 51 DATATYPE == 200.
There is no data for layout net name AHVDD.
There is no data for layout net name AHVDDB.
There is no data for layout net name AHVDDG.
There is no data for layout net name AHVDDR.
There is no data for layout net name AHVDDWELL.
There is no data for layout net name AVDD.
There is no data for layout net name AVDDB.
There is no data for layout net name AVDDBG.
There is no data for layout net name AVDDG.
There is no data for layout net name AVDDR.
There is no data for layout net name AVDWELL.
There is no data for layout net name DHVDD.
There is no data for layout net name DVDD.
There is no data for layout net name HVDDWELL.
There is no data for layout net name TACVDD.
There is no data for layout net name TAVD33.
There is no data for layout net name TAVD33PST.
There is no data for layout net name TAVDD.
There is no data for layout net name TAVDDPST.
There is no data for layout net name TVDD.
There is no data for layout net name VD33.
There is no data for layout net name VDD.
There is no data for layout net name VDD5V.
There is no data for layout net name VDDESD.
There is no data for layout net name VDDG.
There is no data for layout net name VDDM.
There is no data for layout net name VDDPST.
There is no data for layout net name VDDSA.
There is no data for layout net name VDWELL.
There is no data for layout net name AGND.
There is no data for layout net name AHVSS.
There is no data for layout net name AHVSSB.
There is no data for layout net name AHVSSG.
There is no data for layout net name AHVSSR.
There is no data for layout net name AHVSSUB.
There is no data for layout net name AVSS.
There is no data for layout net name AVSSB.
There is no data for layout net name AVSSBG.
There is no data for layout net name AVSSG.
There is no data for layout net name AVSSR.
There is no data for layout net name AVSSUB.
There is no data for layout net name DHVSS.
There is no data for layout net name DVSS.
There is no data for layout net name GND.
There is no data for layout net name HVSSUB.
There is no data for layout net name TACVSS.
There is no data for layout net name TAVSS.
There is no data for layout net name TAVSSPST.
There is no data for layout net name TVSS.
There is no data for layout net name VS33.
There is no data for layout net name VSS.
There is no data for layout net name VSSESD.
There is no data for layout net name VSSG.
There is no data for layout net name VSSM.
There is no data for layout net name VSSPST.
There is no data for layout net name VSSUB.
There is no data for layout net name AHVDD.
There is no data for layout net name AHVDDB.
There is no data for layout net name AHVDDG.
There is no data for layout net name AHVDDR.
There is no data for layout net name AHVDDWELL.
There is no data for layout net name AVDD.
There is no data for layout net name AVDDB.
There is no data for layout net name AVDDBG.
There is no data for layout net name AVDDG.
There is no data for layout net name AVDDR.
There is no data for layout net name AVDWELL.
There is no data for layout net name DHVDD.
There is no data for layout net name DVDD.
There is no data for layout net name HVDDWELL.
There is no data for layout net name TACVDD.
There is no data for layout net name TAVD33.
There is no data for layout net name TAVD33PST.
There is no data for layout net name TAVDD.
There is no data for layout net name TAVDDPST.
There is no data for layout net name TVDD.
There is no data for layout net name VD33.
There is no data for layout net name VDD.
There is no data for layout net name VDD5V.
There is no data for layout net name VDDESD.
There is no data for layout net name VDDG.
There is no data for layout net name VDDM.
There is no data for layout net name VDDPST.
There is no data for layout net name VDDSA.
There is no data for layout net name VDWELL.
There is no data for layout net name AGND.
There is no data for layout net name AHVSS.
There is no data for layout net name AHVSSB.
There is no data for layout net name AHVSSG.
There is no data for layout net name AHVSSR.
There is no data for layout net name AHVSSUB.
There is no data for layout net name AVSS.
There is no data for layout net name AVSSB.
There is no data for layout net name AVSSBG.
There is no data for layout net name AVSSG.
There is no data for layout net name AVSSR.
There is no data for layout net name AVSSUB.
There is no data for layout net name DHVSS.
There is no data for layout net name DVSS.
There is no data for layout net name GND.
There is no data for layout net name HVSSUB.
There is no data for layout net name TACVSS.
There is no data for layout net name TAVSS.
There is no data for layout net name TAVSSPST.
There is no data for layout net name TVSS.
There is no data for layout net name VS33.
There is no data for layout net name VSS.
There is no data for layout net name VSSESD.
There is no data for layout net name VSSG.
There is no data for layout net name VSSM.
There is no data for layout net name VSSPST.
There is no data for layout net name VSSUB.
There is no data for layout net name AHVDD.
There is no data for layout net name AHVDDB.
There is no data for layout net name AHVDDG.
There is no data for layout net name AHVDDR.
There is no data for layout net name AHVDDWELL.
There is no data for layout net name AVDD.
There is no data for layout net name AVDDB.
There is no data for layout net name AVDDBG.
There is no data for layout net name AVDDG.
There is no data for layout net name AVDDR.
There is no data for layout net name AVDWELL.
There is no data for layout net name DHVDD.
There is no data for layout net name DVDD.
There is no data for layout net name HVDDWELL.
There is no data for layout net name TACVDD.
There is no data for layout net name TAVD33.
There is no data for layout net name TAVD33PST.
There is no data for layout net name TAVDD.
There is no data for layout net name TAVDDPST.
There is no data for layout net name TVDD.
There is no data for layout net name VD33.
There is no data for layout net name VDD.
There is no data for layout net name VDD5V.
There is no data for layout net name VDDESD.
There is no data for layout net name VDDG.
There is no data for layout net name VDDM.
There is no data for layout net name VDDPST.
There is no data for layout net name VDDSA.
There is no data for layout net name VDWELL.
There is no data for layout net name AGND.
There is no data for layout net name AHVSS.
There is no data for layout net name AHVSSB.
There is no data for layout net name AHVSSG.
There is no data for layout net name AHVSSR.
There is no data for layout net name AHVSSUB.
There is no data for layout net name AVSS.
There is no data for layout net name AVSSB.
There is no data for layout net name AVSSBG.
There is no data for layout net name AVSSG.
There is no data for layout net name AVSSR.
There is no data for layout net name AVSSUB.
There is no data for layout net name DHVSS.
There is no data for layout net name DVSS.
There is no data for layout net name GND.
There is no data for layout net name HVSSUB.
There is no data for layout net name TACVSS.
There is no data for layout net name TAVSS.
There is no data for layout net name TAVSSPST.
There is no data for layout net name TVSS.
There is no data for layout net name VS33.
There is no data for layout net name VSS.
There is no data for layout net name VSSESD.
There is no data for layout net name VSSG.
There is no data for layout net name VSSM.
There is no data for layout net name VSSPST.
There is no data for layout net name VSSUB.
There is no data for layout net name AGND.
There is no data for layout net name AHVSS.
There is no data for layout net name AHVSSB.
There is no data for layout net name AHVSSG.
There is no data for layout net name AHVSSR.
There is no data for layout net name AHVSSUB.
There is no data for layout net name AVSS.
There is no data for layout net name AVSSB.
There is no data for layout net name AVSSBG.
There is no data for layout net name AVSSG.
There is no data for layout net name AVSSR.
There is no data for layout net name AVSSUB.
There is no data for layout net name DHVSS.
There is no data for layout net name DVSS.
There is no data for layout net name GND.
There is no data for layout net name HVSSUB.
There is no data for layout net name TACVSS.
There is no data for layout net name TAVSS.
There is no data for layout net name TAVSSPST.
There is no data for layout net name TVSS.
There is no data for layout net name VS33.
There is no data for layout net name VSS.
There is no data for layout net name VSSESD.
There is no data for layout net name VSSG.
There is no data for layout net name VSSM.
There is no data for layout net name VSSPST.
There is no data for layout net name VSSUB.
There is no data for layout net name AHVDD.
There is no data for layout net name AHVDDB.
There is no data for layout net name AHVDDG.
There is no data for layout net name AHVDDR.
There is no data for layout net name AHVDDWELL.
There is no data for layout net name AVDD.
There is no data for layout net name AVDDB.
There is no data for layout net name AVDDBG.
There is no data for layout net name AVDDG.
There is no data for layout net name AVDDR.
There is no data for layout net name AVDWELL.
There is no data for layout net name DHVDD.
There is no data for layout net name DVDD.
There is no data for layout net name HVDDWELL.
There is no data for layout net name TACVDD.
There is no data for layout net name TAVD33.
There is no data for layout net name TAVD33PST.
There is no data for layout net name TAVDD.
There is no data for layout net name TAVDDPST.
There is no data for layout net name TVDD.
There is no data for layout net name VD33.
There is no data for layout net name VDD.
There is no data for layout net name VDD5V.
There is no data for layout net name VDDESD.
There is no data for layout net name VDDG.
There is no data for layout net name VDDM.
There is no data for layout net name VDDPST.
There is no data for layout net name VDDSA.
There is no data for layout net name VDWELL.
There is no data for layout net name AHVDD.
There is no data for layout net name AHVDDB.
There is no data for layout net name AHVDDG.
There is no data for layout net name AHVDDR.
There is no data for layout net name AHVDDWELL.
There is no data for layout net name AVDD.
There is no data for layout net name AVDDB.
There is no data for layout net name AVDDBG.
There is no data for layout net name AVDDG.
There is no data for layout net name AVDDR.
There is no data for layout net name AVDWELL.
There is no data for layout net name DHVDD.
There is no data for layout net name DVDD.
There is no data for layout net name HVDDWELL.
There is no data for layout net name TACVDD.
There is no data for layout net name TAVD33.
There is no data for layout net name TAVD33PST.
There is no data for layout net name TAVDD.
There is no data for layout net name TAVDDPST.
There is no data for layout net name TVDD.
There is no data for layout net name VD33.
There is no data for layout net name VDD.
There is no data for layout net name VDD5V.
There is no data for layout net name VDDESD.
There is no data for layout net name VDDG.
There is no data for layout net name VDDM.
There is no data for layout net name VDDPST.
There is no data for layout net name VDDSA.
There is no data for layout net name VDWELL.
There is no data for layout net name AGND.
There is no data for layout net name AHVSS.
There is no data for layout net name AHVSSB.
There is no data for layout net name AHVSSG.
There is no data for layout net name AHVSSR.
There is no data for layout net name AHVSSUB.
There is no data for layout net name AVSS.
There is no data for layout net name AVSSB.
There is no data for layout net name AVSSBG.
There is no data for layout net name AVSSG.
There is no data for layout net name AVSSR.
There is no data for layout net name AVSSUB.
There is no data for layout net name DHVSS.
There is no data for layout net name DVSS.
There is no data for layout net name GND.
There is no data for layout net name HVSSUB.
There is no data for layout net name TACVSS.
There is no data for layout net name TAVSS.
There is no data for layout net name TAVSSPST.
There is no data for layout net name TVSS.
There is no data for layout net name VS33.
There is no data for layout net name VSS.
There is no data for layout net name VSSESD.
There is no data for layout net name VSSG.
There is no data for layout net name VSSM.
There is no data for layout net name VSSPST.
There is no data for layout net name VSSUB.
There is no data for layout net name AGND.
There is no data for layout net name AHVSS.
There is no data for layout net name AHVSSB.
There is no data for layout net name AHVSSG.
There is no data for layout net name AHVSSR.
There is no data for layout net name AHVSSUB.
There is no data for layout net name AVSS.
There is no data for layout net name AVSSB.
There is no data for layout net name AVSSBG.
There is no data for layout net name AVSSG.
There is no data for layout net name AVSSR.
There is no data for layout net name AVSSUB.
There is no data for layout net name DHVSS.
There is no data for layout net name DVSS.
There is no data for layout net name GND.
There is no data for layout net name HVSSUB.
There is no data for layout net name TACVSS.
There is no data for layout net name TAVSS.
There is no data for layout net name TAVSSPST.
There is no data for layout net name TVSS.
There is no data for layout net name VS33.
There is no data for layout net name VSS.
There is no data for layout net name VSSESD.
There is no data for layout net name VSSG.
There is no data for layout net name VSSM.
There is no data for layout net name VSSPST.
There is no data for layout net name VSSUB.
There is no data for layout net name AHVDD.
There is no data for layout net name AHVDDB.
There is no data for layout net name AHVDDG.
There is no data for layout net name AHVDDR.
There is no data for layout net name AHVDDWELL.
There is no data for layout net name AVDD.
There is no data for layout net name AVDDB.
There is no data for layout net name AVDDBG.
There is no data for layout net name AVDDG.
There is no data for layout net name AVDDR.
There is no data for layout net name AVDWELL.
There is no data for layout net name DHVDD.
There is no data for layout net name DVDD.
There is no data for layout net name HVDDWELL.
There is no data for layout net name TACVDD.
There is no data for layout net name TAVD33.
There is no data for layout net name TAVD33PST.
There is no data for layout net name TAVDD.
There is no data for layout net name TAVDDPST.
There is no data for layout net name TVDD.
There is no data for layout net name VD33.
There is no data for layout net name VDD.
There is no data for layout net name VDD5V.
There is no data for layout net name VDDESD.
There is no data for layout net name VDDG.
There is no data for layout net name VDDM.
There is no data for layout net name VDDPST.
There is no data for layout net name VDDSA.
There is no data for layout net name VDWELL.
There is no data for layout net name AHVDD.
There is no data for layout net name AHVDDB.
There is no data for layout net name AHVDDG.
There is no data for layout net name AHVDDR.
There is no data for layout net name AHVDDWELL.
There is no data for layout net name AVDD.
There is no data for layout net name AVDDB.
There is no data for layout net name AVDDBG.
There is no data for layout net name AVDDG.
There is no data for layout net name AVDDR.
There is no data for layout net name AVDWELL.
There is no data for layout net name DHVDD.
There is no data for layout net name DVDD.
There is no data for layout net name HVDDWELL.
There is no data for layout net name TACVDD.
There is no data for layout net name TAVD33.
There is no data for layout net name TAVD33PST.
There is no data for layout net name TAVDD.
There is no data for layout net name TAVDDPST.
There is no data for layout net name TVDD.
There is no data for layout net name VD33.
There is no data for layout net name VDD.
There is no data for layout net name VDD5V.
There is no data for layout net name VDDESD.
There is no data for layout net name VDDG.
There is no data for layout net name VDDM.
There is no data for layout net name VDDPST.
There is no data for layout net name VDDSA.
There is no data for layout net name VDWELL.
There is no data for layout net name AGND.
There is no data for layout net name AHVSS.
There is no data for layout net name AHVSSB.
There is no data for layout net name AHVSSG.
There is no data for layout net name AHVSSR.
There is no data for layout net name AHVSSUB.
There is no data for layout net name AVSS.
There is no data for layout net name AVSSB.
There is no data for layout net name AVSSBG.
There is no data for layout net name AVSSG.
There is no data for layout net name AVSSR.
There is no data for layout net name AVSSUB.
There is no data for layout net name DHVSS.
There is no data for layout net name DVSS.
There is no data for layout net name GND.
There is no data for layout net name HVSSUB.
There is no data for layout net name TACVSS.
There is no data for layout net name TAVSS.
There is no data for layout net name TAVSSPST.
There is no data for layout net name TVSS.
There is no data for layout net name VS33.
There is no data for layout net name VSS.
There is no data for layout net name VSSESD.
There is no data for layout net name VSSG.
There is no data for layout net name VSSM.
There is no data for layout net name VSSPST.
There is no data for layout net name VSSUB.
There is no data for layout net name AGND.
There is no data for layout net name AHVSS.
There is no data for layout net name AHVSSB.
There is no data for layout net name AHVSSG.
There is no data for layout net name AHVSSR.
There is no data for layout net name AHVSSUB.
There is no data for layout net name AVSS.
There is no data for layout net name AVSSB.
There is no data for layout net name AVSSBG.
There is no data for layout net name AVSSG.
There is no data for layout net name AVSSR.
There is no data for layout net name AVSSUB.
There is no data for layout net name DHVSS.
There is no data for layout net name DVSS.
There is no data for layout net name GND.
There is no data for layout net name HVSSUB.
There is no data for layout net name TACVSS.
There is no data for layout net name TAVSS.
There is no data for layout net name TAVSSPST.
There is no data for layout net name TVSS.
There is no data for layout net name VS33.
There is no data for layout net name VSS.
There is no data for layout net name VSSESD.
There is no data for layout net name VSSG.
There is no data for layout net name VSSM.
There is no data for layout net name VSSPST.
There is no data for layout net name VSSUB.
There is no data for layout net name AHVDD.
There is no data for layout net name AHVDDB.
There is no data for layout net name AHVDDG.
There is no data for layout net name AHVDDR.
There is no data for layout net name AHVDDWELL.
There is no data for layout net name AVDD.
There is no data for layout net name AVDDB.
There is no data for layout net name AVDDBG.
There is no data for layout net name AVDDG.
There is no data for layout net name AVDDR.
There is no data for layout net name AVDWELL.
There is no data for layout net name DHVDD.
There is no data for layout net name DVDD.
There is no data for layout net name HVDDWELL.
There is no data for layout net name TACVDD.
There is no data for layout net name TAVD33.
There is no data for layout net name TAVD33PST.
There is no data for layout net name TAVDD.
There is no data for layout net name TAVDDPST.
There is no data for layout net name TVDD.
There is no data for layout net name VD33.
There is no data for layout net name VDD.
There is no data for layout net name VDD5V.
There is no data for layout net name VDDESD.
There is no data for layout net name VDDG.
There is no data for layout net name VDDM.
There is no data for layout net name VDDPST.
There is no data for layout net name VDDSA.
There is no data for layout net name VDWELL.
There is no data for layout net name AHVDD.
There is no data for layout net name AHVDDB.
There is no data for layout net name AHVDDG.
There is no data for layout net name AHVDDR.
There is no data for layout net name AHVDDWELL.
There is no data for layout net name AVDD.
There is no data for layout net name AVDDB.
There is no data for layout net name AVDDBG.
There is no data for layout net name AVDDG.
There is no data for layout net name AVDDR.
There is no data for layout net name AVDWELL.
There is no data for layout net name DHVDD.
There is no data for layout net name DVDD.
There is no data for layout net name HVDDWELL.
There is no data for layout net name TACVDD.
There is no data for layout net name TAVD33.
There is no data for layout net name TAVD33PST.
There is no data for layout net name TAVDD.
There is no data for layout net name TAVDDPST.
There is no data for layout net name TVDD.
There is no data for layout net name VD33.
There is no data for layout net name VDD.
There is no data for layout net name VDD5V.
There is no data for layout net name VDDESD.
There is no data for layout net name VDDG.
There is no data for layout net name VDDM.
There is no data for layout net name VDDPST.
There is no data for layout net name VDDSA.
There is no data for layout net name VDWELL.
There is no data for layout net name AGND.
There is no data for layout net name AHVSS.
There is no data for layout net name AHVSSB.
There is no data for layout net name AHVSSG.
There is no data for layout net name AHVSSR.
There is no data for layout net name AHVSSUB.
There is no data for layout net name AVSS.
There is no data for layout net name AVSSB.
There is no data for layout net name AVSSBG.
There is no data for layout net name AVSSG.
There is no data for layout net name AVSSR.
There is no data for layout net name AVSSUB.
There is no data for layout net name DHVSS.
There is no data for layout net name DVSS.
There is no data for layout net name GND.
There is no data for layout net name HVSSUB.
There is no data for layout net name TACVSS.
There is no data for layout net name TAVSS.
There is no data for layout net name TAVSSPST.
There is no data for layout net name TVSS.
There is no data for layout net name VS33.
There is no data for layout net name VSS.
There is no data for layout net name VSSESD.
There is no data for layout net name VSSG.
There is no data for layout net name VSSM.
There is no data for layout net name VSSPST.
There is no data for layout net name VSSUB.
There is no data for layout net name AGND.
There is no data for layout net name AHVSS.
There is no data for layout net name AHVSSB.
There is no data for layout net name AHVSSG.
There is no data for layout net name AHVSSR.
There is no data for layout net name AHVSSUB.
There is no data for layout net name AVSS.
There is no data for layout net name AVSSB.
There is no data for layout net name AVSSBG.
There is no data for layout net name AVSSG.
There is no data for layout net name AVSSR.
There is no data for layout net name AVSSUB.
There is no data for layout net name DHVSS.
There is no data for layout net name DVSS.
There is no data for layout net name GND.
There is no data for layout net name HVSSUB.
There is no data for layout net name TACVSS.
There is no data for layout net name TAVSS.
There is no data for layout net name TAVSSPST.
There is no data for layout net name TVSS.
There is no data for layout net name VS33.
There is no data for layout net name VSS.
There is no data for layout net name VSSESD.
There is no data for layout net name VSSG.
There is no data for layout net name VSSM.
There is no data for layout net name VSSPST.
There is no data for layout net name VSSUB.
There is no data for layout net name AHVDD.
There is no data for layout net name AHVDDB.
There is no data for layout net name AHVDDG.
There is no data for layout net name AHVDDR.
There is no data for layout net name AHVDDWELL.
There is no data for layout net name AVDD.
There is no data for layout net name AVDDB.
There is no data for layout net name AVDDBG.
There is no data for layout net name AVDDG.
There is no data for layout net name AVDDR.
There is no data for layout net name AVDWELL.
There is no data for layout net name DHVDD.
There is no data for layout net name DVDD.
There is no data for layout net name HVDDWELL.
There is no data for layout net name TACVDD.
There is no data for layout net name TAVD33.
There is no data for layout net name TAVD33PST.
There is no data for layout net name TAVDD.
There is no data for layout net name TAVDDPST.
There is no data for layout net name TVDD.
There is no data for layout net name VD33.
There is no data for layout net name VDD.
There is no data for layout net name VDD5V.
There is no data for layout net name VDDESD.
There is no data for layout net name VDDG.
There is no data for layout net name VDDM.
There is no data for layout net name VDDPST.
There is no data for layout net name VDDSA.
There is no data for layout net name VDWELL.
There is no data for layout net name AGND.
There is no data for layout net name AHVSS.
There is no data for layout net name AHVSSB.
There is no data for layout net name AHVSSG.
There is no data for layout net name AHVSSR.
There is no data for layout net name AHVSSUB.
There is no data for layout net name AVSS.
There is no data for layout net name AVSSB.
There is no data for layout net name AVSSBG.
There is no data for layout net name AVSSG.
There is no data for layout net name AVSSR.
There is no data for layout net name AVSSUB.
There is no data for layout net name DHVSS.
There is no data for layout net name DVSS.
There is no data for layout net name GND.
There is no data for layout net name HVSSUB.
There is no data for layout net name TACVSS.
There is no data for layout net name TAVSS.
There is no data for layout net name TAVSSPST.
There is no data for layout net name TVSS.
There is no data for layout net name VS33.
There is no data for layout net name VSS.
There is no data for layout net name VSSESD.
There is no data for layout net name VSSG.
There is no data for layout net name VSSM.
There is no data for layout net name VSSPST.
There is no data for layout net name VSSUB.
There is no data for layout net name AHVDD.
There is no data for layout net name AHVDDB.
There is no data for layout net name AHVDDG.
There is no data for layout net name AHVDDR.
There is no data for layout net name AHVDDWELL.
There is no data for layout net name AVDD.
There is no data for layout net name AVDDB.
There is no data for layout net name AVDDBG.
There is no data for layout net name AVDDG.
There is no data for layout net name AVDDR.
There is no data for layout net name AVDWELL.
There is no data for layout net name DHVDD.
There is no data for layout net name DVDD.
There is no data for layout net name HVDDWELL.
There is no data for layout net name TACVDD.
There is no data for layout net name TAVD33.
There is no data for layout net name TAVD33PST.
There is no data for layout net name TAVDD.
There is no data for layout net name TAVDDPST.
There is no data for layout net name TVDD.
There is no data for layout net name VD33.
There is no data for layout net name VDD.
There is no data for layout net name VDD5V.
There is no data for layout net name VDDESD.
There is no data for layout net name VDDG.
There is no data for layout net name VDDM.
There is no data for layout net name VDDPST.
There is no data for layout net name VDDSA.
There is no data for layout net name VDWELL.
There is no data for layout net name AGND.
There is no data for layout net name AHVSS.
There is no data for layout net name AHVSSB.
There is no data for layout net name AHVSSG.
There is no data for layout net name AHVSSR.
There is no data for layout net name AHVSSUB.
There is no data for layout net name AVSS.
There is no data for layout net name AVSSB.
There is no data for layout net name AVSSBG.
There is no data for layout net name AVSSG.
There is no data for layout net name AVSSR.
There is no data for layout net name AVSSUB.
There is no data for layout net name DHVSS.
There is no data for layout net name DVSS.
There is no data for layout net name GND.
There is no data for layout net name HVSSUB.
There is no data for layout net name TACVSS.
There is no data for layout net name TAVSS.
There is no data for layout net name TAVSSPST.
There is no data for layout net name TVSS.
There is no data for layout net name VS33.
There is no data for layout net name VSS.
There is no data for layout net name VSSESD.
There is no data for layout net name VSSG.
There is no data for layout net name VSSM.
There is no data for layout net name VSSPST.
There is no data for layout net name VSSUB.
There is no data for layout net name AHVDD.
There is no data for layout net name AHVDDB.
There is no data for layout net name AHVDDG.
There is no data for layout net name AHVDDR.
There is no data for layout net name AHVDDWELL.
There is no data for layout net name AVDD.
There is no data for layout net name AVDDB.
There is no data for layout net name AVDDBG.
There is no data for layout net name AVDDG.
There is no data for layout net name AVDDR.
There is no data for layout net name AVDWELL.
There is no data for layout net name DHVDD.
There is no data for layout net name DVDD.
There is no data for layout net name HVDDWELL.
There is no data for layout net name TACVDD.
There is no data for layout net name TAVD33.
There is no data for layout net name TAVD33PST.
There is no data for layout net name TAVDD.
There is no data for layout net name TAVDDPST.
There is no data for layout net name TVDD.
There is no data for layout net name VD33.
There is no data for layout net name VDD.
There is no data for layout net name VDD5V.
There is no data for layout net name VDDESD.
There is no data for layout net name VDDG.
There is no data for layout net name VDDM.
There is no data for layout net name VDDPST.
There is no data for layout net name VDDSA.
There is no data for layout net name VDWELL.
----------------------------------------------------------------------------------
--- ORIGINAL LAYER STATISTICS
---
LAYER SR_DPOi ....... TOTAL Original Geometry Count = 0  (0)
LAYER POI ........... TOTAL Original Geometry Count = 0  (0)
LAYER GB1i .......... TOTAL Original Geometry Count = 0  (0)
LAYER GB1_5i ........ TOTAL Original Geometry Count = 0  (0)
LAYER SRAMDMY6i ..... TOTAL Original Geometry Count = 0  (0)
LAYER SPS1i ......... TOTAL Original Geometry Count = 0  (0)
LAYER GB_D2i ........ TOTAL Original Geometry Count = 0  (0)
LAYER SPS2i ......... TOTAL Original Geometry Count = 0  (0)
LAYER DPO ........... TOTAL Original Geometry Count = 0  (0)
LAYER CPO ........... TOTAL Original Geometry Count = 0  (0)
LAYER TPO2 .......... TOTAL Original Geometry Count = 0  (0)
LAYER RH_PO ......... TOTAL Original Geometry Count = 0  (0)
LAYER RPO ........... TOTAL Original Geometry Count = 0  (0)
LAYER SR_DOD ........ TOTAL Original Geometry Count = 0  (0)
LAYER RPDMYai ....... TOTAL Original Geometry Count = 0  (0)
LAYER RPDMYa1 ....... TOTAL Original Geometry Count = 0  (0)
LAYER DOD ........... TOTAL Original Geometry Count = 0  (0)
LAYER ODI ........... TOTAL Original Geometry Count = 0  (0)
LAYER SRMD9 ......... TOTAL Original Geometry Count = 0  (0)
LAYER SRM ........... TOTAL Original Geometry Count = 0  (0)
LAYER SRMD14i ....... TOTAL Original Geometry Count = 0  (0)
LAYER SRMD15 ........ TOTAL Original Geometry Count = 0  (0)
LAYER SRMD16 ........ TOTAL Original Geometry Count = 0  (0)
LAYER SRMD18 ........ TOTAL Original Geometry Count = 0  (0)
LAYER SRMD20 ........ TOTAL Original Geometry Count = 0  (0)
LAYER SRMD3 ......... TOTAL Original Geometry Count = 0  (0)
LAYER SRMD4 ......... TOTAL Original Geometry Count = 0  (0)
LAYER SRMD68 ........ TOTAL Original Geometry Count = 0  (0)
LAYER SRMD66 ........ TOTAL Original Geometry Count = 0  (0)
LAYER SRMD67 ........ TOTAL Original Geometry Count = 0  (0)
LAYER SRMD69 ........ TOTAL Original Geometry Count = 0  (0)
LAYER SRMD70 ........ TOTAL Original Geometry Count = 0  (0)
LAYER SRMD71 ........ TOTAL Original Geometry Count = 0  (0)
LAYER SRAMDMY ....... TOTAL Original Geometry Count = 0  (0)
LAYER RODMY ......... TOTAL Original Geometry Count = 0  (0)
LAYER SRMD6 ......... TOTAL Original Geometry Count = 0  (0)
LAYER ROISO_ROM ..... TOTAL Original Geometry Count = 0  (0)
LAYER CO ............ TOTAL Original Geometry Count = 0  (0)
LAYER DRAIN ......... TOTAL Original Geometry Count = 0  (0)
LAYER HVD_N ......... TOTAL Original Geometry Count = 0  (0)
LAYER RFDMY ......... TOTAL Original Geometry Count = 0  (0)
LAYER HVD_P ......... TOTAL Original Geometry Count = 0  (0)
LAYER PMETAL ........ TOTAL Original Geometry Count = 0  (0)
LAYER RH_OD ......... TOTAL Original Geometry Count = 0  (0)
LAYER GATED ......... TOTAL Original Geometry Count = 0  (0)
LAYER LVSDMYi ....... TOTAL Original Geometry Count = 0  (0)
LAYER NWDMY1 ........ TOTAL Original Geometry Count = 0  (0)
LAYER NWDMYi ........ TOTAL Original Geometry Count = 0  (0)
LAYER NW ............ TOTAL Original Geometry Count = 0  (0)
LAYER NWLVT ......... TOTAL Original Geometry Count = 0  (0)
LAYER NP ............ TOTAL Original Geometry Count = 0  (0)
LAYER UDM ........... TOTAL Original Geometry Count = 0  (0)
LAYER OD25 .......... TOTAL Original Geometry Count = 0  (0)
LAYER OD_50F ........ TOTAL Original Geometry Count = 0  (0)
LAYER OD33 .......... TOTAL Original Geometry Count = 0  (0)
LAYER OD18 .......... TOTAL Original Geometry Count = 0  (0)
LAYER OD5V .......... TOTAL Original Geometry Count = 0  (0)
LAYER OD_12 ......... TOTAL Original Geometry Count = 0  (0)
LAYER NT_N .......... TOTAL Original Geometry Count = 0  (0)
LAYER VTL_N ......... TOTAL Original Geometry Count = 0  (0)
LAYER VTH_N ......... TOTAL Original Geometry Count = 0  (0)
LAYER VTUL_N ........ TOTAL Original Geometry Count = 0  (0)
LAYER eVTL_N ........ TOTAL Original Geometry Count = 0  (0)
LAYER CHVT_N ........ TOTAL Original Geometry Count = 0  (0)
LAYER UHVT_N ........ TOTAL Original Geometry Count = 0  (0)
LAYER OD1T .......... TOTAL Original Geometry Count = 0  (0)
LAYER ILVT .......... TOTAL Original Geometry Count = 0  (0)
LAYER OD15 .......... TOTAL Original Geometry Count = 0  (0)
LAYER SR_ESD ........ TOTAL Original Geometry Count = 0  (0)
LAYER OD_HG ......... TOTAL Original Geometry Count = 0  (0)
LAYER HP_ROM ........ TOTAL Original Geometry Count = 0  (0)
LAYER TN2 ........... TOTAL Original Geometry Count = 0  (0)
LAYER EHVT_N ........ TOTAL Original Geometry Count = 0  (0)
LAYER AVT ........... TOTAL Original Geometry Count = 0  (0)
LAYER PSUB2 ......... TOTAL Original Geometry Count = 0  (0)
LAYER PP ............ TOTAL Original Geometry Count = 0  (0)
LAYER VTL_P ......... TOTAL Original Geometry Count = 0  (0)
LAYER VTH_P ......... TOTAL Original Geometry Count = 0  (0)
LAYER VTUL_P ........ TOTAL Original Geometry Count = 0  (0)
LAYER eVTL_P ........ TOTAL Original Geometry Count = 0  (0)
LAYER UHVT_P ........ TOTAL Original Geometry Count = 0  (0)
LAYER EHVT_P ........ TOTAL Original Geometry Count = 0  (0)
LAYER DNW ........... TOTAL Original Geometry Count = 0  (0)
LAYER ZVT ........... TOTAL Original Geometry Count = 0  (0)
LAYER ANVT .......... TOTAL Original Geometry Count = 0  (0)
LAYER OD25_18 ....... TOTAL Original Geometry Count = 0  (0)
LAYER OD25_33 ....... TOTAL Original Geometry Count = 0  (0)
LAYER VTL_N_18 ...... TOTAL Original Geometry Count = 0  (0)
LAYER OD18_15 ....... TOTAL Original Geometry Count = 0  (0)
LAYER OD18_12 ....... TOTAL Original Geometry Count = 0  (0)
LAYER OD15_18 ....... TOTAL Original Geometry Count = 0  (0)
LAYER VTL_N_IO ...... TOTAL Original Geometry Count = 0  (0)
LAYER SRMD11 ........ TOTAL Original Geometry Count = 0  (0)
LAYER SRMD10 ........ TOTAL Original Geometry Count = 0  (0)
LAYER SRMD17 ........ TOTAL Original Geometry Count = 0  (0)
LAYER SRMD19 ........ TOTAL Original Geometry Count = 0  (0)
LAYER SRMD5 ......... TOTAL Original Geometry Count = 0  (0)
LAYER SRMD42 ........ TOTAL Original Geometry Count = 0  (0)
LAYER SRM_ULL ....... TOTAL Original Geometry Count = 0  (0)
LAYER SRMD13 ........ TOTAL Original Geometry Count = 0  (0)
LAYER SRMD12 ........ TOTAL Original Geometry Count = 0  (0)
LAYER SRAMPSGT ...... TOTAL Original Geometry Count = 0  (0)
LAYER NILD .......... TOTAL Original Geometry Count = 0  (0)
LAYER VTL_P25 ....... TOTAL Original Geometry Count = 0  (0)
LAYER CAP1TDMY ...... TOTAL Original Geometry Count = 0  (0)
LAYER CLDD .......... TOTAL Original Geometry Count = 0  (0)
LAYER ESDIMP ........ TOTAL Original Geometry Count = 0  (0)
LAYER VARi .......... TOTAL Original Geometry Count = 0  (0)
LAYER VAR11 ......... TOTAL Original Geometry Count = 0  (0)
LAYER VAR10 ......... TOTAL Original Geometry Count = 0  (0)
LAYER CI_CAP ........ TOTAL Original Geometry Count = 0  (0)
LAYER TCDDMY_H ...... TOTAL Original Geometry Count = 0  (0)
LAYER ICOVL ......... TOTAL Original Geometry Count = 0  (0)
LAYER TCDDMY_V ...... TOTAL Original Geometry Count = 0  (0)
LAYER DIODMYi ....... TOTAL Original Geometry Count = 0  (0)
LAYER DIODMY_L ...... TOTAL Original Geometry Count = 0  (0)
LAYER HIA_DUMMY ..... TOTAL Original Geometry Count = 0  (0)
LAYER BJTDMYi ....... TOTAL Original Geometry Count = 0  (0)
LAYER p3d1 .......... TOTAL Original Geometry Count = 0  (0)
LAYER p3i ........... TOTAL Original Geometry Count = 0  (0)
LAYER crown ......... TOTAL Original Geometry Count = 0  (0)
LAYER blc ........... TOTAL Original Geometry Count = 0  (0)
LAYER EDRAM_DECAP ... TOTAL Original Geometry Count = 0  (0)
LAYER RFDMY6T ....... TOTAL Original Geometry Count = 0  (0)
LAYER RFDMY5T ....... TOTAL Original Geometry Count = 0  (0)
LAYER DUM1 .......... TOTAL Original Geometry Count = 0  (0)
LAYER M1i ........... TOTAL Original Geometry Count = 14 (14)
LAYER RMDMY1 ........ TOTAL Original Geometry Count = 0  (0)
LAYER DUM2 .......... TOTAL Original Geometry Count = 0  (0)
LAYER M2i ........... TOTAL Original Geometry Count = 24 (24)
LAYER RMDMY2 ........ TOTAL Original Geometry Count = 0  (0)
LAYER DUM3 .......... TOTAL Original Geometry Count = 0  (0)
LAYER M3i ........... TOTAL Original Geometry Count = 25 (25)
LAYER INDDMYi ....... TOTAL Original Geometry Count = 0  (0)
LAYER RMDMY3 ........ TOTAL Original Geometry Count = 0  (0)
LAYER DUM4 .......... TOTAL Original Geometry Count = 0  (0)
LAYER M4i ........... TOTAL Original Geometry Count = 7  (154)
LAYER RMDMY4 ........ TOTAL Original Geometry Count = 0  (0)
LAYER DUM5 .......... TOTAL Original Geometry Count = 0  (0)
LAYER M5i ........... TOTAL Original Geometry Count = 9  (198)
LAYER RMDMY5 ........ TOTAL Original Geometry Count = 0  (0)
LAYER DUM6 .......... TOTAL Original Geometry Count = 0  (0)
LAYER M6i ........... TOTAL Original Geometry Count = 7  (154)
LAYER RMDMY6 ........ TOTAL Original Geometry Count = 0  (0)
LAYER DUM7 .......... TOTAL Original Geometry Count = 0  (0)
LAYER M7i ........... TOTAL Original Geometry Count = 0  (0)
LAYER RMDMY7 ........ TOTAL Original Geometry Count = 0  (0)
LAYER DUM8 .......... TOTAL Original Geometry Count = 0  (0)
LAYER M8i ........... TOTAL Original Geometry Count = 0  (0)
LAYER RMDMY8 ........ TOTAL Original Geometry Count = 0  (0)
LAYER DUM9 .......... TOTAL Original Geometry Count = 0  (0)
LAYER M9i ........... TOTAL Original Geometry Count = 0  (0)
LAYER RMDMY9 ........ TOTAL Original Geometry Count = 0  (0)
LAYER APD ........... TOTAL Original Geometry Count = 0  (0)
LAYER APi ........... TOTAL Original Geometry Count = 0  (0)
LAYER RMDMYAP ....... TOTAL Original Geometry Count = 0  (0)
LAYER cbm ........... TOTAL Original Geometry Count = 0  (0)
LAYER ctm ........... TOTAL Original Geometry Count = 0  (0)
LAYER PROBEM1 ....... TOTAL Original Geometry Count = 0  (0)
LAYER PROBEM2 ....... TOTAL Original Geometry Count = 0  (0)
LAYER PROBEM3 ....... TOTAL Original Geometry Count = 0  (0)
LAYER PROBEM4 ....... TOTAL Original Geometry Count = 0  (0)
LAYER PROBEM5 ....... TOTAL Original Geometry Count = 0  (0)
LAYER PROBEM6 ....... TOTAL Original Geometry Count = 0  (0)
LAYER PROBEM7 ....... TOTAL Original Geometry Count = 0  (0)
LAYER IND_MP ........ TOTAL Original Geometry Count = 0  (0)
LAYER IND_D4 ........ TOTAL Original Geometry Count = 0  (0)
LAYER VAR14 ......... TOTAL Original Geometry Count = 0  (0)
LAYER GATED3T ....... TOTAL Original Geometry Count = 0  (0)
LAYER MOMDMY24 ...... TOTAL Original Geometry Count = 0  (0)
LAYER MOMDMY25 ...... TOTAL Original Geometry Count = 0  (0)
LAYER MOMDMY23 ...... TOTAL Original Geometry Count = 0  (0)
LAYER MOMDMY4 ....... TOTAL Original Geometry Count = 1  (22)
LAYER MOMDMY5 ....... TOTAL Original Geometry Count = 1  (22)
LAYER MOMDMY2 ....... TOTAL Original Geometry Count = 0  (0)
LAYER VIA1i_VIRT .... TOTAL Original Geometry Count = 0  (0)
LAYER VIA1i ......... TOTAL Original Geometry Count = 22 (22)
LAYER MOMDMY7 ....... TOTAL Original Geometry Count = 0  (0)
LAYER CBD ........... TOTAL Original Geometry Count = 0  (0)
LAYER RVi ........... TOTAL Original Geometry Count = 0  (0)
LAYER CB ............ TOTAL Original Geometry Count = 0  (0)
LAYER MOMDMY3 ....... TOTAL Original Geometry Count = 0  (0)
LAYER TCDDMY ........ TOTAL Original Geometry Count = 0  (0)
LAYER VIA2i ......... TOTAL Original Geometry Count = 25 (25)
LAYER MOMDMY6 ....... TOTAL Original Geometry Count = 1  (22)
LAYER VIA5i ......... TOTAL Original Geometry Count = 3  (66)
LAYER VIA3i ......... TOTAL Original Geometry Count = 25 (25)
LAYER VIA4i ......... TOTAL Original Geometry Count = 2  (44)
LAYER VIA6i ......... TOTAL Original Geometry Count = 0  (0)
LAYER MOMDMY1 ....... TOTAL Original Geometry Count = 0  (0)
LAYER MOMDMY8 ....... TOTAL Original Geometry Count = 1  (22)
LAYER LVSDMY2 ....... TOTAL Original Geometry Count = 0  (0)
LAYER MOMDMY100 ..... TOTAL Original Geometry Count = 1  (22)
LAYER MOMDMY0 ....... TOTAL Original Geometry Count = 1  (22)
LAYER VIA7i ......... TOTAL Original Geometry Count = 0  (0)
LAYER CBM_O ......... TOTAL Original Geometry Count = 0  (0)
LAYER VIA8i ......... TOTAL Original Geometry Count = 0  (0)
LAYER CTMDMY_8 ...... TOTAL Original Geometry Count = 0  (0)
LAYER CTMDMY_9 ...... TOTAL Original Geometry Count = 0  (0)
LAYER CTM_O ......... TOTAL Original Geometry Count = 0  (0)
LAYER MOMDMY22 ...... TOTAL Original Geometry Count = 0  (0)
LAYER MOMDMY27 ...... TOTAL Original Geometry Count = 1  (22)
LAYER MOMDMY31 ...... TOTAL Original Geometry Count = 0  (0)
LAYER MOMDMY32 ...... TOTAL Original Geometry Count = 0  (0)
LAYER MOMDMY33 ...... TOTAL Original Geometry Count = 0  (0)
LAYER MOMDMY28 ...... TOTAL Original Geometry Count = 0  (0)
LAYER IND_RAD ....... TOTAL Original Geometry Count = 0  (0)
LAYER IND_NR ........ TOTAL Original Geometry Count = 0  (0)
LAYER IND_GDIS ...... TOTAL Original Geometry Count = 0  (0)
LAYER IND_W ......... TOTAL Original Geometry Count = 0  (0)
LAYER IND_S ......... TOTAL Original Geometry Count = 0  (0)
LAYER IND_CTW ....... TOTAL Original Geometry Count = 0  (0)
----------------------------------------------------------------------------------
--- RULECHECK RESULTS STATISTICS
---
RULECHECK IND_STD_CHECK_MU_A28_DM.AP ...... TOTAL Result Count = 0 (0)
RULECHECK IND_STD_CHECK_MU_A28_DM.VIA8 .... TOTAL Result Count = 0 (0)
RULECHECK IND_CT_CHECK_MU_A28_DM.AP ....... TOTAL Result Count = 0 (0)
RULECHECK IND_CT_CHECK_MU_A28_DM.VIA8 ..... TOTAL Result Count = 0 (0)
RULECHECK IND_STD_CHECK_MU_Z.VIA8 ......... TOTAL Result Count = 0 (0)
RULECHECK IND_STD_CHECK_MU_Z.VIA7 ......... TOTAL Result Count = 0 (0)
RULECHECK IND_SYM_CHECK_MU_Z.VIA8 ......... TOTAL Result Count = 0 (0)
RULECHECK IND_SYM_CHECK_MU_Z.VIA7 ......... TOTAL Result Count = 0 (0)
RULECHECK IND_CT_CHECK_MU_Z_A.VIA8 ........ TOTAL Result Count = 0 (0)
RULECHECK IND_CT_CHECK_MU_Z_A.RV .......... TOTAL Result Count = 0 (0)
RULECHECK IND_CT_CHECK_MU_Z_A.VIA7 ........ TOTAL Result Count = 0 (0)
RULECHECK IND_CT_CHECK_MU_A28_A28_DM.RV ... TOTAL Result Count = 0 (0)
RULECHECK IND_CT_CHECK_MU_A28_A28.VIA8 .... TOTAL Result Count = 0 (0)
RULECHECK IND_SYM_CHECK.RV ................ TOTAL Result Count = 0 (0)
RULECHECK IND_SYM_CHECK.VIA8 .............. TOTAL Result Count = 0 (0)
RULECHECK IND_SYM_CT_LC_CHECK.RV .......... TOTAL Result Count = 0 (0)
RULECHECK IND_SYM_CT_LC_CHECK.VIA8 ........ TOTAL Result Count = 0 (0)
RULECHECK IND_SYM_CT_LC_CHECK.VIA7 ........ TOTAL Result Count = 0 (0)
RULECHECK IND_SYM_CT_LC_CHECK.VIA6 ........ TOTAL Result Count = 0 (0)
RULECHECK IND_SYM_CT_LC_CHECK.VIA5 ........ TOTAL Result Count = 0 (0)
RULECHECK IND_SYM_CT_RL_CHECK.RV .......... TOTAL Result Count = 0 (0)
RULECHECK IND_SYM_CT_RL_CHECK.VIA7 ........ TOTAL Result Count = 0 (0)
RULECHECK IND_SYM_CT_RL_CHECK.VIA6 ........ TOTAL Result Count = 0 (0)
RULECHECK IND_SYM_CT_RL_CHECK.VIA8 ........ TOTAL Result Count = 0 (0)
RULECHECK IND_SYM_CT_RL_CHECK.VIA5 ........ TOTAL Result Count = 0 (0)
RULECHECK mnpg ............................ TOTAL Result Count = 0 (0)
RULECHECK mppg ............................ TOTAL Result Count = 0 (0)
RULECHECK mnpgldd ......................... TOTAL Result Count = 0 (0)
RULECHECK mppgldd ......................... TOTAL Result Count = 0 (0)
RULECHECK mnpgldd_hv ...................... TOTAL Result Count = 0 (0)
RULECHECK mppgldd_hv ...................... TOTAL Result Count = 0 (0)
RULECHECK floating.nxwell_float ........... TOTAL Result Count = 0 (0)
RULECHECK floating.psub ................... TOTAL Result Count = 2 (23)
RULECHECK npvss49 ......................... TOTAL Result Count = 0 (0)
RULECHECK ppvdd49 ......................... TOTAL Result Count = 0 (0)
----------------------------------------------------------------------------------
--- ERC RULECHECK RESULTS STATISTICS (BY CELL)
---
CELL CU1F ..................... TOTAL Result Count = 1 (22)
    ERC CHECK floating.psub ... TOTAL Result Count = 1 (22)
CELL ARRAY_CMP ................ TOTAL Result Count = 1 (1)
    ERC CHECK floating.psub ... TOTAL Result Count = 1 (1)
----------------------------------------------------------------------------------
--- SUMMARY
---
TOTAL CPU Time:                              1
TOTAL REAL Time:                             2
TOTAL Original Layer Geometries:             170 (905)
TOTAL ERC RuleChecks Executed:               35
TOTAL ERC RuleCheck Results Generated:       2 (23)
